
> sable-website@0.1.0 dev
> next dev -p 3001

▲ Next.js 16.2.6 (Turbopack)
- Local:         http://localhost:3001
- Network:       http://10.5.0.2:3001
✓ Ready in 268ms

⚠ Slow filesystem detected. The benchmark took 230ms. If E:\SeoulArts\2026_1\sable-webstie\.next/dev is a network drive, consider moving it to a local folder.
See more: https://nextjs.org/docs/app/guides/local-development
[browser] Uncaught TypeError: Cannot read properties of undefined (reading 'filter')
    at <unknown> (file://E:/SeoulArts/2026_1/sable-webstie/.next/dev/static/chunks/_13n14w0._.js:1617:70)
    at Array.map (<anonymous>)
    at Header (file://E:/SeoulArts/2026_1/sable-webstie/.next/dev/static/chunks/_13n14w0._.js:1600:38)
    at Object.react_stack_bottom_frame (file://E:/SeoulArts/2026_1/sable-webstie/.next/dev/static/chunks/node_modules_next_dist_compiled_react-dom_058-ah~._.js:15037:24)
    at renderWithHooks (file://E:/SeoulArts/2026_1/sable-webstie/.next/dev/static/chunks/node_modules_next_dist_compiled_react-dom_058-ah~._.js:4620:24)
    at updateFunctionComponent (file://E:/SeoulArts/2026_1/sable-webstie/.next/dev/static/chunks/node_modules_next_dist_compiled_react-dom_058-ah~._.js:6081:21)
    at beginWork (file://E:/SeoulArts/2026_1/sable-webstie/.next/dev/static/chunks/node_modules_next_dist_compiled_react-dom_058-ah~._.js:6665:639)
    at runWithFiberInDEV (file://E:/SeoulArts/2026_1/sable-webstie/.next/dev/static/chunks/node_modules_next_dist_compiled_react-dom_058-ah~._.js:965:74)
    at performUnitOfWork (file://E:/SeoulArts/2026_1/sable-webstie/.next/dev/static/chunks/node_modules_next_dist_compiled_react-dom_058-ah~._.js:9555:97)
    at workLoopSync (file://E:/SeoulArts/2026_1/sable-webstie/.next/dev/static/chunks/node_modules_next_dist_compiled_react-dom_058-ah~._.js:9449:40)
    at renderRootSync (file://E:/SeoulArts/2026_1/sable-webstie/.next/dev/static/chunks/node_modules_next_dist_compiled_react-dom_058-ah~._.js:9433:13)
    at performWorkOnRoot (file://E:/SeoulArts/2026_1/sable-webstie/.next/dev/static/chunks/node_modules_next_dist_compiled_react-dom_058-ah~._.js:9098:47)
    at performWorkOnRootViaSchedulerTask (file://E:/SeoulArts/2026_1/sable-webstie/.next/dev/static/chunks/node_modules_next_dist_compiled_react-dom_058-ah~._.js:10255:9)
    at MessagePort.performWorkUntilDeadline (file://E:/SeoulArts/2026_1/sable-webstie/.next/dev/static/chunks/node_modules_next_dist_compiled_0rpq4pf._.js:2647:64)
    at RootLayout (about://React/Server/E:%5CSeoulArts%5C2026_1%5Csable-webstie%5C.next%5Cdev%5Cserver%5Cchunks%5Cssr%5C_0ayowia._.js?6:116:272)
 GET /women 200 in 640ms (next.js: 457ms, application-code: 183ms)
 GET /women 200 in 1074ms (next.js: 840ms, application-code: 234ms)
 GET /women 200 in 63ms (next.js: 2ms, application-code: 61ms)
 GET /women 200 in 60ms (next.js: 2ms, application-code: 58ms)
 GET /women?category=outerwear 200 in 94ms (next.js: 3ms, application-code: 91ms)
 GET /women?category=dress 200 in 49ms (next.js: 2ms, application-code: 47ms)
 GET /women?category=skirt 200 in 58ms (next.js: 1945µs, application-code: 56ms)
 GET /men 200 in 171ms (next.js: 129ms, application-code: 42ms)
 GET /men?category=outerwear 200 in 53ms (next.js: 2ms, application-code: 51ms)
 GET /men?category=bottoms 200 in 43ms (next.js: 2ms, application-code: 41ms)
 GET /men?category=dress 200 in 51ms (next.js: 1959µs, application-code: 49ms)
 GET /women 200 in 60ms (next.js: 1743µs, application-code: 58ms)
 GET /men 200 in 41ms (next.js: 1762µs, application-code: 40ms)
 GET /women 200 in 51ms (next.js: 1639µs, application-code: 49ms)
 GET /men 200 in 44ms (next.js: 1829µs, application-code: 42ms)
 GET /new-in 200 in 198ms (next.js: 127ms, application-code: 71ms)
 GET /women 200 in 65ms (next.js: 3ms, application-code: 62ms)
 GET /women 200 in 70ms (next.js: 1935µs, application-code: 68ms)
 GET /new-in 200 in 61ms (next.js: 2ms, application-code: 58ms)
 GET /women 200 in 60ms (next.js: 1863µs, application-code: 58ms)
 GET /women?category=outerwear 200 in 60ms (next.js: 2ms, application-code: 58ms)
 GET /women?category=dress 200 in 57ms (next.js: 3ms, application-code: 55ms)
 GET /women?category=skirt 200 in 87ms (next.js: 1750µs, application-code: 85ms)
 GET /men 200 in 46ms (next.js: 1830µs, application-code: 44ms)
 GET /men?category=outerwear 200 in 48ms (next.js: 2ms, application-code: 46ms)
 GET /men?category=dress 200 in 49ms (next.js: 1921µs, application-code: 47ms)
 GET /women 200 in 70ms (next.js: 2ms, application-code: 68ms)
 GET /men 200 in 48ms (next.js: 1694µs, application-code: 46ms)
 GET /women 200 in 69ms (next.js: 2ms, application-code: 67ms)
 GET /men 200 in 48ms (next.js: 1886µs, application-code: 46ms)
 GET /new-in 200 in 87ms (next.js: 2ms, application-code: 84ms)
 GET / 200 in 221ms (next.js: 187ms, application-code: 34ms)
 GET / 200 in 48ms (next.js: 12ms, application-code: 35ms)
 GET / 200 in 7ms (next.js: 2ms, application-code: 5ms)
 GET / 200 in 9ms (next.js: 1281µs, application-code: 7ms)
 GET /women?category=outerwear 200 in 18ms (next.js: 2ms, application-code: 16ms)
 GET / 200 in 10ms (next.js: 1874µs, application-code: 8ms)
 GET / 200 in 12ms (next.js: 2ms, application-code: 9ms)
 GET /men 200 in 15ms (next.js: 1962µs, application-code: 13ms)
 GET /men?category=outerwear 200 in 13ms (next.js: 1724µs, application-code: 12ms)
 GET /men?category=tops 200 in 15ms (next.js: 3ms, application-code: 13ms)
 GET /men?category=outerwear 200 in 15ms (next.js: 2ms, application-code: 13ms)
 GET /products/edward-cuming-thong-sandal-mens 200 in 383ms (next.js: 370ms, generate-params: 238ms, application-code: 13ms)
 GET / 200 in 10ms (next.js: 1874µs, application-code: 8ms)
 GET /men?category=bottoms 200 in 21ms (next.js: 3ms, application-code: 18ms)
 GET /products/camiel-fortgens-cf-21-15-03-02-wobbly-jeans-vintage-wash-denim-vintage-wash 200 in 19ms (next.js: 7ms, generate-params: 5ms, application-code: 12ms)
 GET / 200 in 10ms (next.js: 1901µs, application-code: 8ms)
 GET /women 200 in 18ms (next.js: 2ms, application-code: 16ms)
 GET /men 200 in 17ms (next.js: 2ms, application-code: 15ms)
 GET /products/camiel-fortgens-cf-21-09-02-01-track-jacket-technical-nylon-petrol 200 in 17ms (next.js: 7ms, generate-params: 5ms, application-code: 10ms)
 GET / 200 in 12ms (next.js: 2ms, application-code: 10ms)
